Archive member included because of file (symbol)

c:/users/jrjkr/downloads/dave_4-4-2_64bit_2018-02-23/dave-ide-4.4.2-64bit/eclipse/arm-gcc-49/bin/../lib/gcc/arm-none-eabi/4.9.3/armv6-m\libgcc.a(_udivsi3.o)
                              ./Startup/system_XMC1100.o (__aeabi_uidiv)
c:/users/jrjkr/downloads/dave_4-4-2_64bit_2018-02-23/dave-ide-4.4.2-64bit/eclipse/arm-gcc-49/bin/../lib/gcc/arm-none-eabi/4.9.3/armv6-m\libgcc.a(_divsi3.o)
                              ./Libraries/XMCLib/src/xmc1_scu.o (__aeabi_idiv)
c:/users/jrjkr/downloads/dave_4-4-2_64bit_2018-02-23/dave-ide-4.4.2-64bit/eclipse/arm-gcc-49/bin/../lib/gcc/arm-none-eabi/4.9.3/armv6-m\libgcc.a(_dvmd_tls.o)
                              c:/users/jrjkr/downloads/dave_4-4-2_64bit_2018-02-23/dave-ide-4.4.2-64bit/eclipse/arm-gcc-49/bin/../lib/gcc/arm-none-eabi/4.9.3/armv6-m\libgcc.a(_udivsi3.o) (__aeabi_idiv0)
c:/users/jrjkr/downloads/dave_4-4-2_64bit_2018-02-23/dave-ide-4.4.2-64bit/eclipse/arm-gcc-49/bin/../lib/gcc/arm-none-eabi/4.9.3/armv6-m\libgcc.a(_fixunssfsi.o)
                              ./Libraries/XMCLib/src/xmc_usic.o (__aeabi_f2uiz)
c:/users/jrjkr/downloads/dave_4-4-2_64bit_2018-02-23/dave-ide-4.4.2-64bit/eclipse/arm-gcc-49/bin/../lib/gcc/arm-none-eabi/4.9.3/armv6-m\libgcc.a(divsf3.o)
                              ./Libraries/XMCLib/src/xmc_usic.o (__aeabi_fdiv)
c:/users/jrjkr/downloads/dave_4-4-2_64bit_2018-02-23/dave-ide-4.4.2-64bit/eclipse/arm-gcc-49/bin/../lib/gcc/arm-none-eabi/4.9.3/armv6-m\libgcc.a(mulsf3.o)
                              ./Libraries/XMCLib/src/xmc_usic.o (__aeabi_fmul)
c:/users/jrjkr/downloads/dave_4-4-2_64bit_2018-02-23/dave-ide-4.4.2-64bit/eclipse/arm-gcc-49/bin/../lib/gcc/arm-none-eabi/4.9.3/armv6-m\libgcc.a(subsf3.o)
                              c:/users/jrjkr/downloads/dave_4-4-2_64bit_2018-02-23/dave-ide-4.4.2-64bit/eclipse/arm-gcc-49/bin/../lib/gcc/arm-none-eabi/4.9.3/armv6-m\libgcc.a(_fixunssfsi.o) (__aeabi_fsub)
c:/users/jrjkr/downloads/dave_4-4-2_64bit_2018-02-23/dave-ide-4.4.2-64bit/eclipse/arm-gcc-49/bin/../lib/gcc/arm-none-eabi/4.9.3/armv6-m\libgcc.a(fixsfsi.o)
                              c:/users/jrjkr/downloads/dave_4-4-2_64bit_2018-02-23/dave-ide-4.4.2-64bit/eclipse/arm-gcc-49/bin/../lib/gcc/arm-none-eabi/4.9.3/armv6-m\libgcc.a(_fixunssfsi.o) (__aeabi_f2iz)
c:/users/jrjkr/downloads/dave_4-4-2_64bit_2018-02-23/dave-ide-4.4.2-64bit/eclipse/arm-gcc-49/bin/../lib/gcc/arm-none-eabi/4.9.3/armv6-m\libgcc.a(floatunsisf.o)
                              ./Libraries/XMCLib/src/xmc_usic.o (__aeabi_ui2f)
c:/users/jrjkr/downloads/dave_4-4-2_64bit_2018-02-23/dave-ide-4.4.2-64bit/eclipse/arm-gcc-49/bin/../lib/gcc/arm-none-eabi/4.9.3/armv6-m\libgcc.a(_arm_cmpsf2.o)
                              c:/users/jrjkr/downloads/dave_4-4-2_64bit_2018-02-23/dave-ide-4.4.2-64bit/eclipse/arm-gcc-49/bin/../lib/gcc/arm-none-eabi/4.9.3/armv6-m\libgcc.a(_fixunssfsi.o) (__aeabi_fcmpge)
c:/users/jrjkr/downloads/dave_4-4-2_64bit_2018-02-23/dave-ide-4.4.2-64bit/eclipse/arm-gcc-49/bin/../lib/gcc/arm-none-eabi/4.9.3/armv6-m\libgcc.a(_clzsi2.o)
                              c:/users/jrjkr/downloads/dave_4-4-2_64bit_2018-02-23/dave-ide-4.4.2-64bit/eclipse/arm-gcc-49/bin/../lib/gcc/arm-none-eabi/4.9.3/armv6-m\libgcc.a(divsf3.o) (__clzsi2)
c:/users/jrjkr/downloads/dave_4-4-2_64bit_2018-02-23/dave-ide-4.4.2-64bit/eclipse/arm-gcc-49/bin/../lib/gcc/arm-none-eabi/4.9.3/armv6-m\libgcc.a(eqsf2.o)
                              c:/users/jrjkr/downloads/dave_4-4-2_64bit_2018-02-23/dave-ide-4.4.2-64bit/eclipse/arm-gcc-49/bin/../lib/gcc/arm-none-eabi/4.9.3/armv6-m\libgcc.a(_arm_cmpsf2.o) (__eqsf2)
c:/users/jrjkr/downloads/dave_4-4-2_64bit_2018-02-23/dave-ide-4.4.2-64bit/eclipse/arm-gcc-49/bin/../lib/gcc/arm-none-eabi/4.9.3/armv6-m\libgcc.a(gesf2.o)
                              c:/users/jrjkr/downloads/dave_4-4-2_64bit_2018-02-23/dave-ide-4.4.2-64bit/eclipse/arm-gcc-49/bin/../lib/gcc/arm-none-eabi/4.9.3/armv6-m\libgcc.a(_arm_cmpsf2.o) (__gesf2)
c:/users/jrjkr/downloads/dave_4-4-2_64bit_2018-02-23/dave-ide-4.4.2-64bit/eclipse/arm-gcc-49/bin/../lib/gcc/arm-none-eabi/4.9.3/armv6-m\libgcc.a(lesf2.o)
                              c:/users/jrjkr/downloads/dave_4-4-2_64bit_2018-02-23/dave-ide-4.4.2-64bit/eclipse/arm-gcc-49/bin/../lib/gcc/arm-none-eabi/4.9.3/armv6-m\libgcc.a(_arm_cmpsf2.o) (__lesf2)
c:/users/jrjkr/downloads/dave_4-4-2_64bit_2018-02-23/dave-ide-4.4.2-64bit/eclipse/arm-gcc-49/bin/../lib/gcc/arm-none-eabi/4.9.3/../../../../arm-none-eabi/lib/armv6-m\libg_nano.a(lib_a-errno.o)
                              ./Libraries/Newlib/syscalls.o (__errno)
c:/users/jrjkr/downloads/dave_4-4-2_64bit_2018-02-23/dave-ide-4.4.2-64bit/eclipse/arm-gcc-49/bin/../lib/gcc/arm-none-eabi/4.9.3/../../../../arm-none-eabi/lib/armv6-m\libg_nano.a(lib_a-impure.o)
[...]
Memory Configuration

Name             Origin             Length             Attributes
FLASH            0x10001000         0x00010000         xr
SRAM             0x20000000         0x00004000         !xr
*default*        0x00000000         0xffffffff

Linker script and memory map

LOAD ./Startup/startup_XMC1100.o
LOAD ./Startup/system_XMC1100.o
LOAD ./Libraries/XMCLib/src/xmc1_eru.o
LOAD ./Libraries/XMCLib/src/xmc1_flash.o
LOAD ./Libraries/XMCLib/src/xmc1_gpio.o
LOAD ./Libraries/XMCLib/src/xmc1_rtc.o
LOAD ./Libraries/XMCLib/src/xmc1_scu.o
LOAD ./Libraries/XMCLib/src/xmc_acmp.o
LOAD ./Libraries/XMCLib/src/xmc_bccu.o
LOAD ./Libraries/XMCLib/src/xmc_can.o
LOAD ./Libraries/XMCLib/src/xmc_ccu4.o
LOAD ./Libraries/XMCLib/src/xmc_ccu8.o
LOAD ./Libraries/XMCLib/src/xmc_common.o
LOAD ./Libraries/XMCLib/src/xmc_eru.o
LOAD ./Libraries/XMCLib/src/xmc_gpio.o
LOAD ./Libraries/XMCLib/src/xmc_i2c.o
LOAD ./Libraries/XMCLib/src/xmc_i2s.o
LOAD ./Libraries/XMCLib/src/xmc_ledts.o
LOAD ./Libraries/XMCLib/src/xmc_math.o
LOAD ./Libraries/XMCLib/src/xmc_pau.o
LOAD ./Libraries/XMCLib/src/xmc_posif.o
LOAD ./Libraries/XMCLib/src/xmc_prng.o
LOAD ./Libraries/XMCLib/src/xmc_rtc.o
LOAD ./Libraries/XMCLib/src/xmc_spi.o
LOAD ./Libraries/XMCLib/src/xmc_uart.o
LOAD ./Libraries/XMCLib/src/xmc_usic.o
LOAD ./Libraries/XMCLib/src/xmc_vadc.o
LOAD ./Libraries/XMCLib/src/xmc_wdt.o
LOAD ./Libraries/Newlib/syscalls.o
LOAD ./Dave/Generated/SYSTIMER/systimer.o
LOAD ./Dave/Generated/SYSTIMER/systimer_conf.o
LOAD ./Dave/Generated/INTERRUPT/interrupt.o
LOAD ./Dave/Generated/INTERRUPT/interrupt_conf.o
LOAD ./Dave/Generated/DIGITAL_IO/digital_io.o
LOAD ./Dave/Generated/DIGITAL_IO/digital_io_conf.o
LOAD ./Dave/Generated/CPU_CTRL_XMC1/cpu_ctrl_xmc1.o
LOAD ./Dave/Generated/CPU_CTRL_XMC1/cpu_ctrl_xmc1_conf.o
LOAD ./Dave/Generated/CLOCK_XMC1/clock_xmc1.o
LOAD ./Dave/Generated/CLOCK_XMC1/clock_xmc1_conf.o
LOAD ./Dave/Generated/DAVE.o
LOAD ./main.o
LOAD c:/users/jrjkr/downloads/dave_4-4-2_64bit_2018-02-23/dave-ide-4.4.2-64bit/eclipse/arm-gcc-49/bin/../lib/gcc/arm-none-eabi/4.9.3/../../../../arm-none-eabi/lib/armv6-m\libm.a
START GROUP
LOAD c:/users/jrjkr/downloads/dave_4-4-2_64bit_2018-02-23/dave-ide-4.4.2-64bit/eclipse/arm-gcc-49/bin/../lib/gcc/arm-none-eabi/4.9.3/armv6-m\libgcc.a
LOAD c:/users/jrjkr/downloads/dave_4-4-2_64bit_2018-02-23/dave-ide-4.4.2-64bit/eclipse/arm-gcc-49/bin/../lib/gcc/arm-none-eabi/4.9.3/../../../../arm-none-eabi/lib/armv6-m\libg_nano.a
LOAD c:/users/jrjkr/downloads/dave_4-4-2_64bit_2018-02-23/dave-ide-4.4.2-64bit/eclipse/arm-gcc-49/bin/../lib/gcc/arm-none-eabi/4.9.3/../../../../arm-none-eabi/lib/armv6-m\libc_nano.a
END GROUP
START GROUP
LOAD c:/users/jrjkr/downloads/dave_4-4-2_64bit_2018-02-23/dave-ide-4.4.2-64bit/eclipse/arm-gcc-49/bin/../lib/gcc/arm-none-eabi/4.9.3/armv6-m\libgcc.a
LOAD c:/users/jrjkr/downloads/dave_4-4-2_64bit_2018-02-23/dave-ide-4.4.2-64bit/eclipse/arm-gcc-49/bin/../lib/gcc/arm-none-eabi/4.9.3/../../../../arm-none-eabi/lib/armv6-m\libc_nano.a
LOAD c:/users/jrjkr/downloads/dave_4-4-2_64bit_2018-02-23/dave-ide-4.4.2-64bit/eclipse/arm-gcc-49/bin/../lib/gcc/arm-none-eabi/4.9.3/../../../../arm-none-eabi/lib/armv6-m\libnosys.a
END GROUP
START GROUP
LOAD c:/users/jrjkr/downloads/dave_4-4-2_64bit_2018-02-23/dave-ide-4.4.2-64bit/eclipse/arm-gcc-49/bin/../lib/gcc/arm-none-eabi/4.9.3/armv6-m\libgcc.a
LOAD c:/users/jrjkr/downloads/dave_4-4-2_64bit_2018-02-23/dave-ide-4.4.2-64bit/eclipse/arm-gcc-49/bin/../lib/gcc/arm-none-eabi/4.9.3/../../../../arm-none-eabi/lib/armv6-m\libc_nano.a
LOAD c:/users/jrjkr/downloads/dave_4-4-2_64bit_2018-02-23/dave-ide-4.4.2-64bit/eclipse/arm-gcc-49/bin/../lib/gcc/arm-none-eabi/4.9.3/../../../../arm-none-eabi/lib/armv6-m\libnosys.a
END GROUP
                0x00000400                stack_size = DEFINED (stack_size)?stack_size:0x400
                0x00000004                no_init_size = 0x4

.text           0x10001000     0x15b8
                0x10001000                sText = .
 *(.reset)
 .reset         0x10001000       0x9c ./Startup/startup_XMC1100.o
                0x10001000                __Vectors
                0x10001018                Reset_Handler
                0x10001098                USIC0_5_IRQHandler
                0x10001098                HardFault_Handler
                0x10001098                PendSV_Handler
                0x10001098                CCU40_2_IRQHandler
                0x10001098                VADC0_C0_0_IRQHandler
                0x10001098                ERU0_0_IRQHandler
                0x10001098                USIC0_0_IRQHandler
                0x10001098                ERU0_2_IRQHandler
                0x10001098                ERU0_3_IRQHandler
                0x10001098                SCU_0_IRQHandler
                0x10001098                CCU40_0_IRQHandler
                0x10001098                VADC0_C0_1_IRQHandler
                0x10001098                SVC_Handler
                0x10001098                USIC0_3_IRQHandler
                0x10001098                CCU40_1_IRQHandler
                0x10001098                SCU_2_IRQHandler
                0x10001098                USIC0_1_IRQHandler
                0x10001098                CCU40_3_IRQHandler
                0x10001098                USIC0_4_IRQHandler
                0x10001098                SCU_1_IRQHandler
                0x10001098                ERU0_1_IRQHandler
                0x10001098                USIC0_2_IRQHandler
                0x10001098                Default_handler
 *(.text .text.* .gnu.linkonce.t.*)
 .text.SystemInit
                0x1000109c       0x10 ./Startup/system_XMC1100.o
                0x1000109c                SystemInit
 .text.SystemCoreClockUpdate
                0x100010ac       0x68 ./Startup/system_XMC1100.o
                0x100010ac                SystemCoreClockUpdate
 .text.XMC_GPIO_Init
                0x10001114      0x17c ./Libraries/XMCLib/src/xmc1_gpio.o
                0x10001114                XMC_GPIO_Init
 .text.XMC_SCU_LockProtectedBits
                0x10001290       0x14 ./Libraries/XMCLib/src/xmc1_scu.o
                0x10001290                XMC_SCU_LockProtectedBits
 .text.XMC_SCU_UnlockProtectedBits
                0x100012a4       0x20 ./Libraries/XMCLib/src/xmc1_scu.o
                0x100012a4                XMC_SCU_UnlockProtectedBits
 .text.XMC_SCU_CLOCK_Init
                0x100012c4       0x48 ./Libraries/XMCLib/src/xmc1_scu.o
                0x100012c4                XMC_SCU_CLOCK_Init
 .text.XMC_SCU_CLOCK_ScaleMCLKFrequency
                0x1000130c       0xa4 ./Libraries/XMCLib/src/xmc1_scu.o
                0x1000130c                XMC_SCU_CLOCK_ScaleMCLKFrequency
 .text.XMC_SCU_CLOCK_lFrequencyUpScaling
                0x100013b0       0x54 ./Libraries/XMCLib/src/xmc1_scu.o
 .text.XMC_SCU_CLOCK_lFrequencyDownScaling
                0x10001404       0x5c ./Libraries/XMCLib/src/xmc1_scu.o
 .text.XMC_GPIO_SetHardwareControl
                0x10001460       0x4c ./Libraries/XMCLib/src/xmc_gpio.o
                0x10001460                XMC_GPIO_SetHardwareControl
 .text._init    0x100014ac        0x8 ./Libraries/Newlib/syscalls.o
                0x100014ac                _init
 .text.__NVIC_SetPriority
                0x100014b4       0xd4 ./Dave/Generated/SYSTIMER/systimer.o
 .text.SysTick_Config
                0x10001588       0x48 ./Dave/Generated/SYSTIMER/systimer.o
 .text.SYSTIMER_lInsertTimerList
                0x100015d0      0x1c8 ./Dave/Generated/SYSTIMER/systimer.o
 .text.SYSTIMER_lRemoveTimerList
                0x10001798       0xbc ./Dave/Generated/SYSTIMER/systimer.o
 .text.SYSTIMER_lTimerHandler
                0x10001854       0xcc ./Dave/Generated/SYSTIMER/systimer.o
 .text.SysTick_Handler
                0x10001920       0x48 ./Dave/Generated/SYSTIMER/systimer.o
                0x10001920                SysTick_Handler
 .text.SYSTIMER_Init
                0x10001968       0x78 ./Dave/Generated/SYSTIMER/systimer.o
                0x10001968                SYSTIMER_Init
 .text.SYSTIMER_CreateTimer
                0x100019e0      0x140 ./Dave/Generated/SYSTIMER/systimer.o
                0x100019e0                SYSTIMER_CreateTimer
 .text.SYSTIMER_StartTimer
                0x10001b20       0x8c ./Dave/Generated/SYSTIMER/systimer.o
                0x10001b20                SYSTIMER_StartTimer
 .text.__NVIC_EnableIRQ
                0x10001bac       0x34 ./Dave/Generated/INTERRUPT/interrupt.o
 .text.__NVIC_SetPriority
                0x10001be0       0xd4 ./Dave/Generated/INTERRUPT/interrupt.o
 .text.INTERRUPT_Enable
                0x10001cb4       0x1c ./Dave/Generated/INTERRUPT/interrupt.o
 .text.INTERRUPT_Init
                0x10001cd0       0x34 ./Dave/Generated/INTERRUPT/interrupt.o
                0x10001cd0                INTERRUPT_Init
 .text.DIGITAL_IO_Init
                0x10001d04       0x40 ./Dave/Generated/DIGITAL_IO/digital_io.o
                0x10001d04                DIGITAL_IO_Init
 .text.SystemCoreSetup
                0x10001d44        0x8 ./Dave/Generated/CPU_CTRL_XMC1/cpu_ctrl_xmc1_conf.o
                0x10001d44                SystemCoreSetup
 .text.CLOCK_XMC1_Init
                0x10001d4c       0x84 ./Dave/Generated/CLOCK_XMC1/clock_xmc1.o
                0x10001d4c                CLOCK_XMC1_Init
 .text.SystemCoreClockSetup
                0x10001dd0       0x20 ./Dave/Generated/CLOCK_XMC1/clock_xmc1_conf.o
                0x10001dd0                SystemCoreClockSetup
 .text.DAVE_Init
                0x10001df0       0x94 ./Dave/Generated/DAVE.o
                0x10001df0                DAVE_Init
 .text.XMC_GPIO_SetOutputHigh
                0x10001e84       0x20 ./main.o
 .text.XMC_GPIO_SetOutputLow
                0x10001ea4       0x24 ./main.o
 .text.DIGITAL_IO_SetOutputHigh
                0x10001ec8       0x20 ./main.o
 .text.DIGITAL_IO_SetOutputLow
                0x10001ee8       0x20 ./main.o
 .text.main     0x10001f08       0x48 ./main.o
                0x10001f08                main
 .text.LEDSequence
                0x10001f50      0x148 ./main.o
                0x10001f50                LEDSequence
 .text.LED0ON   0x10002098       0x20 ./main.o
                0x10002098                LED0ON
 .text.LED0OFF  0x100020b8       0x20 ./main.o
                0x100020b8                LED0OFF
 .text.LED0TOGGLE
                0x100020d8       0x24 ./main.o
                0x100020d8                LED0TOGGLE
 .text.LED1ON   0x100020fc       0x20 ./main.o
                0x100020fc                LED1ON
 .text.LED1OFF  0x1000211c       0x20 ./main.o
                0x1000211c                LED1OFF
 .text.LED1TOGGLE
                0x1000213c       0x24 ./main.o
                0x1000213c                LED1TOGGLE
 .text          0x10002160      0x120 c:/users/jrjkr/downloads/dave_4-4-2_64bit_2018-02-23/dave-ide-4.4.2-64bit/eclipse/arm-gcc-49/bin/../lib/gcc/arm-none-eabi/4.9.3/armv6-m\libgcc.a(_udivsi3.o)
                0x10002160                __aeabi_uidiv
                0x10002160                __udivsi3
                0x1000226c                __aeabi_uidivmod
 .text          0x10002280        0x4 c:/users/jrjkr/downloads/dave_4-4-2_64bit_2018-02-23/dave-ide-4.4.2-64bit/eclipse/arm-gcc-49/bin/../lib/gcc/arm-none-eabi/4.9.3/armv6-m\libgcc.a(_dvmd_tls.o)
                0x10002280                __aeabi_idiv0
                0x10002280                __aeabi_ldiv0
 .text.__libc_init_array
                0x10002284       0x4c c:/users/jrjkr/downloads/dave_4-4-2_64bit_2018-02-23/dave-ide-4.4.2-64bit/eclipse/arm-gcc-49/bin/../lib/gcc/arm-none-eabi/4.9.3/../../../../arm-none-eabi/lib/armv6-m\libg_nano.a(lib_a-init.o)
                0x10002284                __libc_init_array
 *(.init)
 *(.fini)
 *crtbegin.o(.ctors)
 *crtbegin?.o(.ctors)
 *(EXCLUDE_FILE(*crtend.o *crtend?.o) .ctors)
 *(SORT(.ctors.*))
 *(.ctors)
 *crtbegin.o(.dtors)
 *crtbegin?.o(.dtors)
 *(EXCLUDE_FILE(*crtend.o *crtend?.o) .dtors)
 *(SORT(.dtors.*))
 *(.dtors)
 *(.rodata .rodata.*)
 .rodata.INT_UART_Receive
                0x100022d0        0x4 ./Dave/Generated/INTERRUPT/interrupt_conf.o
                0x100022d0                INT_UART_Receive
 .rodata.LED_P1_P0
                0x100022d4       0x10 ./Dave/Generated/DIGITAL_IO/digital_io_conf.o
                0x100022d4                LED_P1_P0
 .rodata.LED_P1_P1
                0x100022e4       0x10 ./Dave/Generated/DIGITAL_IO/digital_io_conf.o
                0x100022e4                LED_P1_P1
 .rodata        0x100022f4        0xc ./Dave/Generated/CLOCK_XMC1/clock_xmc1_conf.o
 .rodata.LEDSequence
                0x10002300      0x2b8 ./main.o
 *(.gnu.linkonce.r*)
 *(vtable)
                0x100025b8                . = ALIGN (0x4)

.glue_7         0x100025b8        0x0
 .glue_7        0x00000000        0x0 linker stubs

.glue_7t        0x100025b8        0x0
 .glue_7t       0x00000000        0x0 linker stubs

.vfp11_veneer   0x100025b8        0x0
 .vfp11_veneer  0x00000000        0x0 linker stubs

.v4_bx          0x100025b8        0x0
 .v4_bx         0x00000000        0x0 linker stubs

.iplt           0x100025b8        0x0
 .iplt          0x00000000        0x0 ./Startup/startup_XMC1100.o

.eh_frame_hdr
 *(.eh_frame_hdr)

.eh_frame
 *(.eh_frame)

.ARM.extab
 *(.ARM.extab* .gnu.linkonce.armextab.*)
                0x100025b8                . = ALIGN (0x4)
                0x100025b8                __exidx_start = .

.ARM.exidx
 *(.ARM.exidx* .gnu.linkonce.armexidx.*)
                0x100025b8                __exidx_end = .
                0x100025b8                . = ALIGN (0x4)

.VENEER_Code    0x2000000c      0x110 load address 0x100025b8
                0x2000000c                . = ALIGN (0x4)
                0x2000000c                VeneerStart = .
 *(.XmcVeneerCode)
 .XmcVeneerCode
                0x2000000c      0x110 ./Startup/startup_XMC1100.o
                0x2000000c                HardFault_Veneer
                0x2000002c                SVC_Veneer
                0x20000038                PendSV_Veneer
                0x2000003c                SysTick_Veneer
                0x20000040                SCU_0_Veneer
                0x20000044                SCU_1_Veneer
                0x20000048                SCU_2_Veneer
                0x2000004c                SCU_3_Veneer
                0x20000050                SCU_4_Veneer
                0x20000054                SCU_5_Veneer
                0x20000058                SCU_6_Veneer
                0x20000064                USIC0_0_Veneer
                0x20000068                USIC0_1_Veneer
                0x2000006c                USIC0_2_Veneer
                0x20000070                USIC0_3_Veneer
                0x20000074                USIC0_4_Veneer
                0x20000078                USIC0_5_Veneer
                0x2000007c                VADC0_C0_0_Veneer
                0x20000080                VADC0_C0_1_Veneer
                0x20000094                CCU40_0_Veneer
                0x20000098                CCU40_1_Veneer
                0x2000009c                CCU40_2_Veneer
                0x200000a0                CCU40_3_Veneer
                0x2000011c                . = ALIGN (0x4)
                0x2000011c                VeneerEnd = .
                0x100025b8                eROData = LOADADDR (.VENEER_Code)
                0x00000110                VeneerSize = (ABSOLUTE (VeneerEnd) - ABSOLUTE (VeneerStart))

.rel.dyn        0x2000011c        0x0 load address 0x100026c8
 .rel.iplt      0x00000000        0x0 ./Startup/startup_XMC1100.o

Stack           0x2000011c      0x404 load address 0x00000000
                0x20000120                . = ALIGN (0x8)
 *fill*         0x2000011c        0x4 
                0x20000520                . = (. + stack_size)
 *fill*         0x20000120      0x400 
                0x20000520                __initial_sp = .

.data           0x20000520        0x0 load address 0x100026c8
                0x20000520                . = ALIGN (0x4)
                0x20000520                __data_start = .
 *(.data)
 *(.data*)
 *(*.data)
 *(.gnu.linkonce.d*)
                0x20000520                . = ALIGN (0x4)
                0x20000520                PROVIDE (__preinit_array_start, .)
 *(.preinit_array)
                0x20000520                PROVIDE (__preinit_array_end, .)
                0x20000520                . = ALIGN (0x4)
                0x20000520                PROVIDE (__init_array_start, .)
 *(SORT(.init_array.*))
 *(.init_array)
                0x20000520                PROVIDE (__init_array_end, .)
                0x20000520                . = ALIGN (0x4)
                0x20000520                PROVIDE (__fini_array_start, .)
 *(SORT(.fini_array.*))
 *(.fini_array)
                0x20000520                PROVIDE (__fini_array_end, .)
                0x20000520                . = ALIGN (0x4)
                0x20000520                __data_end = .
                0x100026c8                DataLoadAddr = LOADADDR (.data)
                0x00000000                __data_size = (__data_end - __data_start)

.igot.plt       0x20000520        0x0 load address 0x100026c8
 .igot.plt      0x00000000        0x0 ./Startup/startup_XMC1100.o

.ram_code       0x20000520        0x0 load address 0x100026c8
                0x20000520                . = ALIGN (0x4)
                0x20000520                __ram_code_start = .
 *(.ram_code)
                0x20000520                . = ALIGN (0x4)
                0x20000520                __ram_code_end = .
                0x100026c8                __ram_code_load = LOADADDR (.ram_code)
                0x00000000                __ram_code_size = (__ram_code_end - __ram_code_start)
                0x000016c8                __text_size = ((((__exidx_end - sText) + VeneerSize) + __data_size) + __ram_code_size)
                0x100026c8                eText = (sText + __text_size)

.bss            0x20000520       0x48 load address 0x100026c8
                0x20000520                . = ALIGN (0x4)
                0x20000520                __bss_start = .
 *(.bss)
 *(.bss*)
 .bss.IDIV.4795
                0x20000520        0x4 ./Startup/system_XMC1100.o
 .bss.FDIV.4796
                0x20000524        0x4 ./Startup/system_XMC1100.o
 .bss.g_timer_list
                0x20000528        0x4 ./Dave/Generated/SYSTIMER/systimer.o
                0x20000528                g_timer_list
 .bss.g_timer_tracker
                0x2000052c        0x4 ./Dave/Generated/SYSTIMER/systimer.o
                0x2000052c                g_timer_tracker
 .bss.g_systick_count
                0x20000530        0x4 ./Dave/Generated/SYSTIMER/systimer.o
                0x20000530                g_systick_count
 .bss.SoftwareTimer1ms
                0x20000534        0x4 ./Dave/Generated/SYSTIMER/systimer_conf.o
                0x20000534                SoftwareTimer1ms
 .bss.CLOCK_XMC1_0
                0x20000538        0x4 ./Dave/Generated/CLOCK_XMC1/clock_xmc1_conf.o
                0x20000538                CLOCK_XMC1_0
 .bss.bLed0     0x2000053c        0x1 ./main.o
                0x2000053c                bLed0
 .bss.bLed1     0x2000053d        0x1 ./main.o
                0x2000053d                bLed1
 *fill*         0x2000053e        0x2 
 .bss.iTickCounter
                0x20000540        0x4 ./main.o
                0x20000540                iTickCounter
 *(COMMON)
 COMMON         0x20000544       0x24 ./Dave/Generated/SYSTIMER/systimer.o
                0x20000544                g_timer_tbl
 *(.gnu.linkonce.b*)
                0x20000568                . = ALIGN (0x4)
                0x20000568                __bss_end = .
                0x20000568                . = ALIGN (0x8)
                0x20000568                Heap_Bank1_Start = .
                0x00000048                __bss_size = (__bss_end - __bss_start)

.no_init        0x20003ffc        0x4 load address 0x00003ee0
                0x20003ffc                Heap_Bank1_End = .
 *(.no_init)
 .no_init       0x20003ffc        0x4 ./Startup/system_XMC1100.o
                0x20003ffc                SystemCoreClock
                0x00003a94                Heap_Bank1_Size = (Heap_Bank1_End - Heap_Bank1_Start)
                0x00000001                ASSERT ((Heap_Bank1_Start <= Heap_Bank1_End), region SRAM overflowed no_init section)

/DISCARD/
 *(.comment)

.stab
 *(.stab)

.stabstr
 *(.stabstr)

.debug
 *(.debug)

.line
 *(.line)

.debug_srcinfo
 *(.debug_srcinfo)

.debug_sfnames
 *(.debug_sfnames)

.debug_aranges  0x00000000      0x488
 *(.debug_aranges)
 .debug_aranges
                0x00000000       0x28 ./Startup/startup_XMC1100.o
 .debug_aranges
                0x00000028       0x38 ./Startup/system_XMC1100.o
 .debug_aranges
                0x00000060       0x28 ./Libraries/XMCLib/src/xmc1_gpio.o
 .debug_aranges
                0x00000088      0x128 ./Libraries/XMCLib/src/xmc1_scu.o
 .debug_aranges
                0x000001b0       0x28 ./Libraries/XMCLib/src/xmc_gpio.o
 .debug_aranges
                0x000001d8       0x28 ./Libraries/Newlib/syscalls.o
 .debug_aranges
                0x00000200       0xd0 ./Dave/Generated/SYSTIMER/systimer.o
 .debug_aranges
                0x000002d0       0x18 ./Dave/Generated/SYSTIMER/systimer_conf.o
 .debug_aranges
                0x000002e8       0x40 ./Dave/Generated/INTERRUPT/interrupt.o
 .debug_aranges
                0x00000328       0x18 ./Dave/Generated/INTERRUPT/interrupt_conf.o
 .debug_aranges
                0x00000340       0x28 ./Dave/Generated/DIGITAL_IO/digital_io.o
 .debug_aranges
                0x00000368       0x18 ./Dave/Generated/DIGITAL_IO/digital_io_conf.o
 .debug_aranges
                0x00000380       0x20 ./Dave/Generated/CPU_CTRL_XMC1/cpu_ctrl_xmc1_conf.o
 .debug_aranges
                0x000003a0       0x30 ./Dave/Generated/CLOCK_XMC1/clock_xmc1.o
 .debug_aranges
                0x000003d0       0x20 ./Dave/Generated/CLOCK_XMC1/clock_xmc1_conf.o
 .debug_aranges
                0x000003f0       0x20 ./Dave/Generated/DAVE.o
 .debug_aranges
                0x00000410       0x78 ./main.o

.debug_pubnames
 *(.debug_pubnames)

.debug_pubtypes
 *(.debug_pubtypes)

.debug_info     0x00000000     0x5469
 *(.debug_info .gnu.linkonce.wi.*)
 .debug_info    0x00000000       0x71 ./Startup/startup_XMC1100.o
 .debug_info    0x00000071      0x444 ./Startup/system_XMC1100.o
 .debug_info    0x000004b5      0x4c9 ./Libraries/XMCLib/src/xmc1_gpio.o
 .debug_info    0x0000097e      0xdb5 ./Libraries/XMCLib/src/xmc1_scu.o
 .debug_info    0x00001733      0x45c ./Libraries/XMCLib/src/xmc_gpio.o
 .debug_info    0x00001b8f      0x11f ./Libraries/Newlib/syscalls.o
 .debug_info    0x00001cae      0xf3b ./Dave/Generated/SYSTIMER/systimer.o
 .debug_info    0x00002be9      0x180 ./Dave/Generated/SYSTIMER/systimer_conf.o
 .debug_info    0x00002d69      0x59f ./Dave/Generated/INTERRUPT/interrupt.o
 .debug_info    0x00003308      0x270 ./Dave/Generated/INTERRUPT/interrupt_conf.o
 .debug_info    0x00003578      0x57e ./Dave/Generated/DIGITAL_IO/digital_io.o
 .debug_info    0x00003af6      0x4cb ./Dave/Generated/DIGITAL_IO/digital_io_conf.o
 .debug_info    0x00003fc1      0x1a2 ./Dave/Generated/CPU_CTRL_XMC1/cpu_ctrl_xmc1_conf.o
 .debug_info    0x00004163      0x2d2 ./Dave/Generated/CLOCK_XMC1/clock_xmc1.o
 .debug_info    0x00004435      0x29a ./Dave/Generated/CLOCK_XMC1/clock_xmc1_conf.o
 .debug_info    0x000046cf      0x6a0 ./Dave/Generated/DAVE.o
 .debug_info    0x00004d6f      0x6fa ./main.o

.debug_abbrev   0x00000000     0x1438
 *(.debug_abbrev)
 .debug_abbrev  0x00000000       0x12 ./Startup/startup_XMC1100.o
 .debug_abbrev  0x00000012      0x14b ./Startup/system_XMC1100.o
 .debug_abbrev  0x0000015d      0x108 ./Libraries/XMCLib/src/xmc1_gpio.o
 .debug_abbrev  0x00000265      0x253 ./Libraries/XMCLib/src/xmc1_scu.o
 .debug_abbrev  0x000004b8      0x108 ./Libraries/XMCLib/src/xmc_gpio.o
 .debug_abbrev  0x000005c0       0xbd ./Libraries/Newlib/syscalls.o
 .debug_abbrev  0x0000067d      0x321 ./Dave/Generated/SYSTIMER/systimer.o
 .debug_abbrev  0x0000099e       0xaa ./Dave/Generated/SYSTIMER/systimer_conf.o
 .debug_abbrev  0x00000a48      0x1b7 ./Dave/Generated/INTERRUPT/interrupt.o
 .debug_abbrev  0x00000bff       0xc0 ./Dave/Generated/INTERRUPT/interrupt_conf.o
 .debug_abbrev  0x00000cbf      0x126 ./Dave/Generated/DIGITAL_IO/digital_io.o
 .debug_abbrev  0x00000de5       0xdb ./Dave/Generated/DIGITAL_IO/digital_io_conf.o
 .debug_abbrev  0x00000ec0       0xc8 ./Dave/Generated/CPU_CTRL_XMC1/cpu_ctrl_xmc1_conf.o
 .debug_abbrev  0x00000f88      0x10b ./Dave/Generated/CLOCK_XMC1/clock_xmc1.o
 .debug_abbrev  0x00001093      0x12b ./Dave/Generated/CLOCK_XMC1/clock_xmc1_conf.o
 .debug_abbrev  0x000011be      0x108 ./Dave/Generated/DAVE.o
 .debug_abbrev  0x000012c6      0x172 ./main.o

.debug_line     0x00000000     0x2e4b
 *(.debug_line)
 .debug_line    0x00000000       0xe6 ./Startup/startup_XMC1100.o
 .debug_line    0x000000e6      0x25b ./Startup/system_XMC1100.o
 .debug_line    0x00000341      0x233 ./Libraries/XMCLib/src/xmc1_gpio.o
 .debug_line    0x00000574      0x599 ./Libraries/XMCLib/src/xmc1_scu.o
 .debug_line    0x00000b0d      0x226 ./Libraries/XMCLib/src/xmc_gpio.o
 .debug_line    0x00000d33       0xec ./Libraries/Newlib/syscalls.o
 .debug_line    0x00000e1f      0x5cd ./Dave/Generated/SYSTIMER/systimer.o
 .debug_line    0x000013ec      0x1b8 ./Dave/Generated/SYSTIMER/systimer_conf.o
 .debug_line    0x000015a4      0x2e9 ./Dave/Generated/INTERRUPT/interrupt.o
 .debug_line    0x0000188d      0x222 ./Dave/Generated/INTERRUPT/interrupt_conf.o
 .debug_line    0x00001aaf      0x289 ./Dave/Generated/DIGITAL_IO/digital_io.o
 .debug_line    0x00001d38      0x21a ./Dave/Generated/DIGITAL_IO/digital_io_conf.o
 .debug_line    0x00001f52      0x1d8 ./Dave/Generated/CPU_CTRL_XMC1/cpu_ctrl_xmc1_conf.o
 .debug_line    0x0000212a      0x2b7 ./Dave/Generated/CLOCK_XMC1/clock_xmc1.o
 .debug_line    0x000023e1      0x28e ./Dave/Generated/CLOCK_XMC1/clock_xmc1_conf.o
 .debug_line    0x0000266f      0x39c ./Dave/Generated/DAVE.o
 .debug_line    0x00002a0b      0x440 ./main.o

.debug_frame    0x00000000      0xc74
 *(.debug_frame)
 .debug_frame   0x00000000       0x80 ./Startup/system_XMC1100.o
 .debug_frame   0x00000080       0x58 ./Libraries/XMCLib/src/xmc1_gpio.o
 .debug_frame   0x000000d8      0x42c ./Libraries/XMCLib/src/xmc1_scu.o
 .debug_frame   0x00000504       0x54 ./Libraries/XMCLib/src/xmc_gpio.o
 .debug_frame   0x00000558       0x4c ./Libraries/Newlib/syscalls.o
 .debug_frame   0x000005a4      0x300 ./Dave/Generated/SYSTIMER/systimer.o
 .debug_frame   0x000008a4       0xb8 ./Dave/Generated/INTERRUPT/interrupt.o
 .debug_frame   0x0000095c       0x50 ./Dave/Generated/DIGITAL_IO/digital_io.o
 .debug_frame   0x000009ac       0x2c ./Dave/Generated/CPU_CTRL_XMC1/cpu_ctrl_xmc1_conf.o
 .debug_frame   0x000009d8       0x70 ./Dave/Generated/CLOCK_XMC1/clock_xmc1.o
 .debug_frame   0x00000a48       0x34 ./Dave/Generated/CLOCK_XMC1/clock_xmc1_conf.o
 .debug_frame   0x00000a7c       0x34 ./Dave/Generated/DAVE.o
 .debug_frame   0x00000ab0      0x178 ./main.o
 .debug_frame   0x00000c28       0x20 c:/users/jrjkr/downloads/dave_4-4-2_64bit_2018-02-23/dave-ide-4.4.2-64bit/eclipse/arm-gcc-49/bin/../lib/gcc/arm-none-eabi/4.9.3/armv6-m\libgcc.a(_udivsi3.o)
 .debug_frame   0x00000c48       0x2c c:/users/jrjkr/downloads/dave_4-4-2_64bit_2018-02-23/dave-ide-4.4.2-64bit/eclipse/arm-gcc-49/bin/../lib/gcc/arm-none-eabi/4.9.3/../../../../arm-none-eabi/lib/armv6-m\libg_nano.a(lib_a-init.o)

.debug_str      0x00000000     0x1f76
 *(.debug_str)
 .debug_str     0x00000000      0x326 ./Startup/system_XMC1100.o
                                0x36c (size before relaxing)
 .debug_str     0x00000326      0x5d5 ./Libraries/XMCLib/src/xmc1_gpio.o
                                0x81e (size before relaxing)
 .debug_str     0x000008fb      0x906 ./Libraries/XMCLib/src/xmc1_scu.o
                                0xc21 (size before relaxing)
 .debug_str     0x00001201       0xca ./Libraries/XMCLib/src/xmc_gpio.o
                                0x76c (size before relaxing)
 .debug_str     0x000012cb       0x6f ./Libraries/Newlib/syscalls.o
                                0x1eb (size before relaxing)
 .debug_str     0x0000133a      0x67f ./Dave/Generated/SYSTIMER/systimer.o
                                0x90f (size before relaxing)
 .debug_str     0x000019b9       0x3c ./Dave/Generated/SYSTIMER/systimer_conf.o
                                0x264 (size before relaxing)
 .debug_str     0x000019f5       0xe2 ./Dave/Generated/INTERRUPT/interrupt.o
                                0x544 (size before relaxing)
 .debug_str     0x00001ad7       0x3e ./Dave/Generated/INTERRUPT/interrupt_conf.o
                                0x3db (size before relaxing)
 .debug_str     0x00001b15       0xdf ./Dave/Generated/DIGITAL_IO/digital_io.o
                                0x958 (size before relaxing)
 .debug_str     0x00001bf4       0x43 ./Dave/Generated/DIGITAL_IO/digital_io_conf.o
                                0x8ad (size before relaxing)
 .debug_str     0x00001c37       0x6f ./Dave/Generated/CPU_CTRL_XMC1/cpu_ctrl_xmc1_conf.o
                                0x287 (size before relaxing)
 .debug_str     0x00001ca6      0x138 ./Dave/Generated/CLOCK_XMC1/clock_xmc1.o
                                0x3c3 (size before relaxing)
 .debug_str     0x00001dde       0x50 ./Dave/Generated/CLOCK_XMC1/clock_xmc1_conf.o
                                0x43c (size before relaxing)
 .debug_str     0x00001e2e       0x65 ./Dave/Generated/DAVE.o
                                0xae3 (size before relaxing)
 .debug_str     0x00001e93       0xe3 ./main.o
                                0xa12 (size before relaxing)

.debug_loc      0x00000000     0x12e8
 *(.debug_loc)
 .debug_loc     0x00000000       0xb0 ./Startup/system_XMC1100.o
 .debug_loc     0x000000b0       0x70 ./Libraries/XMCLib/src/xmc1_gpio.o
 .debug_loc     0x00000120      0x704 ./Libraries/XMCLib/src/xmc1_scu.o
 .debug_loc     0x00000824       0x70 ./Libraries/XMCLib/src/xmc_gpio.o
 .debug_loc     0x00000894       0x64 ./Libraries/Newlib/syscalls.o
 .debug_loc     0x000008f8      0x4d8 ./Dave/Generated/SYSTIMER/systimer.o
 .debug_loc     0x00000dd0      0x118 ./Dave/Generated/INTERRUPT/interrupt.o
 .debug_loc     0x00000ee8       0x70 ./Dave/Generated/DIGITAL_IO/digital_io.o
 .debug_loc     0x00000f58       0x2c ./Dave/Generated/CPU_CTRL_XMC1/cpu_ctrl_xmc1_conf.o
 .debug_loc     0x00000f84       0xa8 ./Dave/Generated/CLOCK_XMC1/clock_xmc1.o
 .debug_loc     0x0000102c       0x38 ./Dave/Generated/CLOCK_XMC1/clock_xmc1_conf.o
 .debug_loc     0x00001064       0x38 ./Dave/Generated/DAVE.o
 .debug_loc     0x0000109c      0x24c ./main.o

.debug_macinfo
 *(.debug_macinfo)

.debug_ranges   0x00000000      0x368
 *(.debug_ranges)
 .debug_ranges  0x00000000       0x20 ./Startup/startup_XMC1100.o
 .debug_ranges  0x00000020       0x28 ./Startup/system_XMC1100.o
 .debug_ranges  0x00000048       0x18 ./Libraries/XMCLib/src/xmc1_gpio.o
 .debug_ranges  0x00000060      0x118 ./Libraries/XMCLib/src/xmc1_scu.o
 .debug_ranges  0x00000178       0x18 ./Libraries/XMCLib/src/xmc_gpio.o
 .debug_ranges  0x00000190       0x18 ./Libraries/Newlib/syscalls.o
 .debug_ranges  0x000001a8       0xc0 ./Dave/Generated/SYSTIMER/systimer.o
 .debug_ranges  0x00000268       0x30 ./Dave/Generated/INTERRUPT/interrupt.o
 .debug_ranges  0x00000298       0x18 ./Dave/Generated/DIGITAL_IO/digital_io.o
 .debug_ranges  0x000002b0       0x10 ./Dave/Generated/CPU_CTRL_XMC1/cpu_ctrl_xmc1_conf.o
 .debug_ranges  0x000002c0       0x20 ./Dave/Generated/CLOCK_XMC1/clock_xmc1.o
 .debug_ranges  0x000002e0       0x10 ./Dave/Generated/CLOCK_XMC1/clock_xmc1_conf.o
 .debug_ranges  0x000002f0       0x10 ./Dave/Generated/DAVE.o
 .debug_ranges  0x00000300       0x68 ./main.o

.debug_weaknames
 *(.debug_weaknames)

.debug_funcnames
 *(.debug_funcnames)

.debug_typenames
 *(.debug_typenames)

.debug_varnames
 *(.debug_varnames)

.build_attributes
                0x00000000      0x399
 *(.ARM.attributes)
 .ARM.attributes
                0x00000000       0x21 ./Startup/startup_XMC1100.o
 .ARM.attributes
                0x00000021       0x31 ./Startup/system_XMC1100.o
 .ARM.attributes
                0x00000052       0x31 ./Libraries/XMCLib/src/xmc1_gpio.o
 .ARM.attributes
                0x00000083       0x31 ./Libraries/XMCLib/src/xmc1_scu.o
 .ARM.attributes
                0x000000b4       0x31 ./Libraries/XMCLib/src/xmc_gpio.o
 .ARM.attributes
                0x000000e5       0x31 ./Libraries/Newlib/syscalls.o
 .ARM.attributes
                0x00000116       0x31 ./Dave/Generated/SYSTIMER/systimer.o
 .ARM.attributes
                0x00000147       0x31 ./Dave/Generated/SYSTIMER/systimer_conf.o
 .ARM.attributes
                0x00000178       0x31 ./Dave/Generated/INTERRUPT/interrupt.o
 .ARM.attributes
                0x000001a9       0x31 ./Dave/Generated/INTERRUPT/interrupt_conf.o
 .ARM.attributes
                0x000001da       0x31 ./Dave/Generated/DIGITAL_IO/digital_io.o
 .ARM.attributes
                0x0000020b       0x31 ./Dave/Generated/DIGITAL_IO/digital_io_conf.o
 .ARM.attributes
                0x0000023c       0x31 ./Dave/Generated/CPU_CTRL_XMC1/cpu_ctrl_xmc1_conf.o
 .ARM.attributes
                0x0000026d       0x31 ./Dave/Generated/CLOCK_XMC1/clock_xmc1.o
 .ARM.attributes
                0x0000029e       0x31 ./Dave/Generated/CLOCK_XMC1/clock_xmc1_conf.o
 .ARM.attributes
                0x000002cf       0x31 ./Dave/Generated/DAVE.o
 .ARM.attributes
                0x00000300       0x31 ./main.o
 .ARM.attributes
                0x00000331       0x1e c:/users/jrjkr/downloads/dave_4-4-2_64bit_2018-02-23/dave-ide-4.4.2-64bit/eclipse/arm-gcc-49/bin/../lib/gcc/arm-none-eabi/4.9.3/armv6-m\libgcc.a(_udivsi3.o)
 .ARM.attributes
                0x0000034f       0x1e c:/users/jrjkr/downloads/dave_4-4-2_64bit_2018-02-23/dave-ide-4.4.2-64bit/eclipse/arm-gcc-49/bin/../lib/gcc/arm-none-eabi/4.9.3/armv6-m\libgcc.a(_dvmd_tls.o)
 .ARM.attributes
                0x0000036d       0x2c c:/users/jrjkr/downloads/dave_4-4-2_64bit_2018-02-23/dave-ide-4.4.2-64bit/eclipse/arm-gcc-49/bin/../lib/gcc/arm-none-eabi/4.9.3/../../../../arm-none-eabi/lib/armv6-m\libg_nano.a(lib_a-init.o)
OUTPUT(HelloWorld.elf elf32-littlearm)
